[2.438s] DEBUG:colcon:Command line arguments: ['/usr/bin/colcon', 'build', '--packages-select', 'localization_comparing']
[2.439s] DEBUG:colcon:Parsed command line arguments: Namespace(allow_overriding=[], ament_cmake_args=None, base_paths=['.'], build_base='build', catkin_cmake_args=None, catkin_skip_building_tests=False, cmake_args=None, cmake_clean_cache=False, cmake_clean_first=False, cmake_force_configure=False, cmake_target=None, cmake_target_skip_unavailable=False, continue_on_error=False, event_handlers=None, executor='parallel', ignore_user_meta=False, install_base='install', log_base=None, log_level=None, main=<bound method BuildVerb.main of <colcon_core.verb.build.BuildVerb object at 0xffffacc4ca60>>, merge_install=False, metas=['./colcon.meta'], mixin=None, mixin_files=None, mixin_verb=('build',), packages_above=None, packages_above_and_dependencies=None, packages_above_depth=None, packages_end=None, packages_ignore=None, packages_ignore_regex=None, packages_select=['localization_comparing'], packages_select_build_failed=False, packages_select_by_dep=None, packages_select_regex=None, packages_select_test_failures=False, packages_skip=None, packages_skip_build_finished=False, packages_skip_by_dep=None, packages_skip_regex=None, packages_skip_test_passed=False, packages_skip_up_to=None, packages_start=None, packages_up_to=None, packages_up_to_regex=None, parallel_workers=4, paths=None, symlink_install=False, test_result_base=None, verb_extension=<colcon_core.verb.build.BuildVerb object at 0xffffacc4ca60>, verb_name='build', verb_parser=<colcon_mixin.mixin.mixin_argument.MixinArgumentDecorator object at 0xffffacc4cfd0>)
[3.645s] Level 1:colcon.colcon_core.package_discovery:discover_packages(colcon_meta) check parameters
[3.646s] Level 1:colcon.colcon_core.package_discovery:discover_packages(recursive) check parameters
[3.646s] Level 1:colcon.colcon_core.package_discovery:discover_packages(ignore) check parameters
[3.646s] Level 1:colcon.colcon_core.package_discovery:discover_packages(path) check parameters
[3.646s] Level 1:colcon.colcon_core.package_discovery:discover_packages(colcon_meta) discover
[3.647s] Level 1:colcon.colcon_core.package_discovery:discover_packages(recursive) discover
[3.647s] INFO:colcon.colcon_core.package_discovery:Crawling recursively for packages in '/home/f1jetson/f1tenth_ws/src/f1tenth_system/localization_comparing'
[3.648s] Level 1:colcon.colcon_core.package_identification:_identify(.) by extensions ['ignore', 'ignore_ament_install']
[3.648s] Level 1:colcon.colcon_core.package_identification:_identify(.) by extension 'ignore'
[3.648s] Level 1:colcon.colcon_core.package_identification:_identify(.) by extension 'ignore_ament_install'
[3.649s] Level 1:colcon.colcon_core.package_identification:_identify(.) by extensions ['colcon_pkg']
[3.649s] Level 1:colcon.colcon_core.package_identification:_identify(.) by extension 'colcon_pkg'
[3.649s] Level 1:colcon.colcon_core.package_identification:_identify(.) by extensions ['colcon_meta']
[3.649s] Level 1:colcon.colcon_core.package_identification:_identify(.) by extension 'colcon_meta'
[3.649s] Level 1:colcon.colcon_core.package_identification:_identify(.) by extensions ['ros']
[3.650s] Level 1:colcon.colcon_core.package_identification:_identify(.) by extension 'ros'
[3.842s] DEBUG:colcon.colcon_core.package_identification:Package '.' with type 'ros.ament_python' and name 'localization_comparing'
[3.842s] Level 1:colcon.colcon_core.package_discovery:discover_packages(recursive) using defaults
[3.842s] Level 1:colcon.colcon_core.package_discovery:discover_packages(ignore) discover
[3.842s] Level 1:colcon.colcon_core.package_discovery:discover_packages(ignore) using defaults
[3.843s] Level 1:colcon.colcon_core.package_discovery:discover_packages(path) discover
[3.843s] Level 1:colcon.colcon_core.package_discovery:discover_packages(path) using defaults
[4.374s] Level 1:colcon.colcon_core.package_discovery:discover_packages(prefix_path) check parameters
[4.374s] Level 1:colcon.colcon_core.package_discovery:discover_packages(prefix_path) discover
[4.394s] DEBUG:colcon.colcon_installed_package_information.package_discovery:Found 18 installed packages in /home/f1jetson/f1tenth_ws/install
[4.402s] DEBUG:colcon.colcon_installed_package_information.package_discovery:Found 309 installed packages in /opt/ros/foxy
[4.411s] Level 1:colcon.colcon_core.package_discovery:discover_packages(prefix_path) using defaults
